// Jest Snapshot v1, https://goo.gl/fbAQLP

exports[`JSON Schema generator produces definitions 1`] = `
Object {
  "$schema": "http://json-schema.org/draft-07/schema#",
  "definitions": Object {
    "User": Object {
      "additionalProperties": true,
      "properties": Object {
        "id": Object {
          "type": "string",
        },
        "name": Object {
          "type": "string",
        },
      },
      "required": Array [
        "id",
        "name",
      ],
      "type": "object",
    },
    "Users": Object {
      "items": Object {
        "$ref": "#/definitions/User",
      },
      "type": "array",
    },
  },
}
`;

exports[`JSON Schema generator produces minimal json schema 1`] = `
Object {
  "$schema": "http://json-schema.org/draft-07/schema#",
  "definitions": Object {},
}
`;
